[help2breathe.com/index.html]
[backblue.gif]
[fade.gif]
[index.html]
[help2breathe.com/remote-login4f98.html]
[help2breathe.com/feed/index.html]
[s1.wp.com/wp-content/themes/pub/varia/print9298.css]
[s2.wp.com/wp-content/themes/pub/alves/stylef777.css]
[help2breathe.com/comments/feed/index.html]
[s1.wp.com/_static/indexba1f.html]
[s0.wp.com/wp-content/themes/h4/global21a2.css]
[help2breathe.com/osd.xml]
[s1.wp.com/_static/index7d7d.html]
[healthcaresanity.files.wordpress.com/2022/05/help2breathe-icon-176ca.png]
[healthcaresanity.files.wordpress.com/2022/05/help2breathe-icon-19939.png]
[healthcaresanity.files.wordpress.com/2022/05/help2breathe-icon-1ad83.png]
[healthcaresanity.files.wordpress.com/2022/05/pexels-james-wheeler-3985574.jpg]
[healthcaresanity.files.wordpress.com/2022/05/pexels-andrea-piacquadio-3768114.jpg]
[help2breathe.com/founders-message/index.html]
[healthcaresanity.files.wordpress.com/2022/05/pexels-lina-kivaka-2253911.jpg]
[help2breathe.com/donations/index.html]
[alvesdemo.files.wordpress.com/2019/08/anna-earl-j-jb1niw1j0-unsplash.jpg]
[help2breathe.com/partners-and-supporters/index.html]
[0.gravatar.com/js/gprofilese08c.js]
[help2breathe.com/media-presentations/index.html]
[help2breathe.com/news-7c3f61bf-085201/index.html]
[s1.wp.com/wp-content/mu-plugins/gravatar-hovercards/wpgrohodc5c.js]
[help2breathe.com/patient-testimonials/index.html]
[help2breathe.com/the-team/index.html]
[help2breathe.com/contact/index.html]
[healthcaresanity.files.wordpress.com/2022/05/help2breathe-icon-1ae05.png]
[help2breathe.com/about-2/index.html]
[s0.wp.com/wp-content/mu-plugins/actionbar/actionbar2866.css]
[help2breathe.com/become-an-ambassador/index.html]
[s0.wp.com/wp-content/mu-plugins/actionbar/actionbarb516.js]
[stats.wp.com/w03af.js]
[help2breathe.com/wp-content/plugins/ie-sitemode/custom-jumplist.php]
[pixel.wp.com/b0b80.gif]
[help2breathe.com/index.html]
[help2breathe.com/remote-login4f98.html]
[s1.wp.com/_static/indexba1f.html]
[s1.wp.com/wp-content/themes/pub/varia/print9298.css]
[s2.wp.com/wp-content/themes/pub/alves/stylef777.css]
[s0.wp.com/wp-content/themes/h4/global21a2.css]
[healthcaresanity.files.wordpress.com/2022/07/img_4558-edited.jpg]
[healthcaresanity.files.wordpress.com/2022/05/img_8822-32dff.jpg]
[help2breathe.com/founders-message/index.html]
[help2breathe.com/donations/index.html]
[help2breathe.com/wp-content/js/bilmur.minb466.js]
[healthcaresanity.files.wordpress.com/2022/05/aeroflow_logo_before_after-edited.png]
[healthcaresanity.files.wordpress.com/2022/05/logo-napc-horizontalcf86.png]
[healthcaresanity.files.wordpress.com/2022/05/download-1-1-edited-1.png]
[healthcaresanity.files.wordpress.com/2022/05/logo-edited.jpg]
[healthcaresanity.files.wordpress.com/2022/05/andersonfammed701b.jpg]
[healthcaresanity.files.wordpress.com/2022/05/ahco2dff.jpg]
[healthcaresanity.files.wordpress.com/2022/05/unnamed0456.jpg]
[healthcaresanity.files.wordpress.com/2022/05/ahco-edited.jpg]
[help2breathe.com/partners-and-supporters/index.html]
[healthcaresanity.files.wordpress.com/2022/10/img_8732-26410.jpg]
[healthcaresanity.files.wordpress.com/2022/10/img_87582dff.jpg]
[healthcaresanity.files.wordpress.com/2022/10/155profpark-29132.png]
[healthcaresanity.files.wordpress.com/2022/10/img_37582dff.jpg]
[healthcaresanity.files.wordpress.com/2022/10/img_80876410.jpg]
[healthcaresanity.files.wordpress.com/2022/10/img_80886410.jpg]
[healthcaresanity.files.wordpress.com/2022/10/img_80896410.jpg]
[healthcaresanity.files.wordpress.com/2022/10/img_28292dff.jpg]
[healthcaresanity.files.wordpress.com/2022/10/img_87662dff.jpg]
[healthcaresanity.files.wordpress.com/2022/10/img_2622-12dff.jpg]
[healthcaresanity.files.wordpress.com/2022/08/img_49990353.jpg]
[healthcaresanity.files.wordpress.com/2022/08/img_21400353.jpg]
[healthcaresanity.files.wordpress.com/2022/07/img_84970353.jpg]
[healthcaresanity.files.wordpress.com/2022/10/img_8734-12dff.jpg]
[healthcaresanity.files.wordpress.com/2022/10/img_8735-16410.jpg]
[healthcaresanity.files.wordpress.com/2022/10/img_87576410.jpg]
[healthcaresanity.files.wordpress.com/2022/07/img_17912dff.jpg]
[healthcaresanity.files.wordpress.com/2022/07/dr.jimontyh-300x300-1c6eb.jpg]
[healthcaresanity.files.wordpress.com/2022/07/img_15682dff.jpg]
[healthcaresanity.files.wordpress.com/2022/07/img_75746410.jpg]
[healthcaresanity.files.wordpress.com/2022/07/img_75796410.jpg]
[healthcaresanity.files.wordpress.com/2022/10/img_87646410.jpg]
[healthcaresanity.files.wordpress.com/2022/10/img_87672dff.jpg]
[healthcaresanity.files.wordpress.com/2022/10/img_87682dff.jpg]
[healthcaresanity.files.wordpress.com/2022/10/img_87626410.jpg]
[healthcaresanity.files.wordpress.com/2022/06/img_14430353.jpg]
[help2breathe.com/news-7c3f61bf-085201/index.html]
[healthcaresanity.files.wordpress.com/2022/07/download.jpg]
[healthcaresanity.files.wordpress.com/2022/07/dr.jimontyh-300x300-1.jpg]
[help2breathe.com/media-presentations/index.html]
[help2breathe.com/patient-testimonials/index.html]
[healthcaresanity.files.wordpress.com/2022/05/img_1448-edited-1.jpg]
[healthcaresanity.files.wordpress.com/2022/06/img_83065204.jpg]
[healthcaresanity.files.wordpress.com/2022/05/nayak-usha-g-1-edited-1ebf4.jpg]
[healthcaresanity.files.wordpress.com/2022/05/img_8289-edited.jpg]
[healthcaresanity.files.wordpress.com/2022/05/img_4745-edited.jpg]
[healthcaresanity.files.wordpress.com/2022/05/img_7971-edited.jpg]
[help2breathe.com/the-team/index.html]
[healthcaresanity.files.wordpress.com/2022/05/image0-edited.jpg]
[healthcaresanity.files.wordpress.com/2022/07/img_45581cfa.jpg]
[healthcaresanity.files.wordpress.com/2022/05/image0-1-edited.jpg]
[healthcaresanity.files.wordpress.com/2022/07/img_8710-edited.jpg]
[healthcaresanity.files.wordpress.com/2022/07/img_9261-edited.jpg]
[help2breathe.com/about-2/index.html]
[help2breathe.com/contact/index.html]
[help2breathe.com/become-an-ambassador/index.html]
[s0.wp.com/wp-content/mu-plugins/actionbar/actionbar2866.css]
